=> Booting WEBrick
=> Rails 3.2.0.rc1 application starting in development on http://0.0.0.0:3003
=> Call with -d to detach
=> Ctrl-C to shutdown server
Exiting
